// Jest Snapshot v1, https://goo.gl/fbAQLP

exports[`testing home components expenses renders correctly with data 1`] = `
Array [
  <View
    style={
      Object {
        "borderRadius": 10,
      }
    }
  >
    <View
      style={
        Object {
          "flexDirection": "row",
        }
      }
    >
      <Text
        style={
          Array [
            Object {
              "fontSize": 15,
              "fontWeight": "400",
              "lineHeight": 15,
              "marginVertical": 5,
            },
            Object {
              "fontWeight": "bold",
              "marginTop": 12,
            },
          ]
        }
      >
        21 Jul 2022
      </Text>
      <View
        style={
          Object {
            "flex": 1,
            "justifyContent": "center",
          }
        }
      >
        <Text
          style={
            Array [
              Object {
                "fontWeight": "200",
                "marginBottom": 10,
                "marginRight": 10,
              },
              Object {
                "alignSelf": "flex-end",
                "marginTop": 12,
              },
            ]
          }
        >
          1:40 PM
        </Text>
      </View>
    </View>
    <View
      style={
        Object {
          "alignContent": "flex-start",
          "flexDirection": "row",
          "justifyContent": "space-between",
        }
      }
    >
      <Text
        style={
          Array [
            Object {
              "fontSize": 15,
              "fontWeight": "400",
              "lineHeight": 15,
              "marginVertical": 5,
            },
            Object {
              "marginLeft": 10,
              "marginTop": 1,
            },
          ]
        }
      >
        Food & Drinks
      </Text>
      <Text
        style={
          Object {
            "color": "#413E3E",
            "marginRight": 10,
            "marginTop": 1,
            "textAlign": "right",
          }
        }
      >
        $10.5
      </Text>
    </View>
    <View
      style={
        Object {
          "alignContent": "flex-end",
          "flexDirection": "row",
          "justifyContent": "space-between",
        }
      }
    >
      <Text
        style={
          Object {
            "fontWeight": "200",
            "marginBottom": 10,
            "marginLeft": 10,
          }
        }
      >
        
      </Text>
    </View>
    <View
      style={
        Object {
          "borderBottomColor": "#E0E0E0",
          "borderBottomWidth": 2,
          "marginVertical": 3,
        }
      }
    />
  </View>,
  <View
    style={
      Object {
        "borderRadius": 10,
      }
    }
  >
    <View
      style={
        Object {
          "flexDirection": "row",
        }
      }
    >
      <Text
        style={
          Array [
            Object {
              "fontSize": 15,
              "fontWeight": "400",
              "lineHeight": 15,
              "marginVertical": 5,
            },
            Object {
              "fontWeight": "bold",
              "marginTop": 12,
            },
          ]
        }
      >
        18 Jul 2022
      </Text>
      <View
        style={
          Object {
            "flex": 1,
            "justifyContent": "center",
          }
        }
      >
        <Text
          style={
            Array [
              Object {
                "fontWeight": "200",
                "marginBottom": 10,
                "marginRight": 10,
              },
              Object {
                "alignSelf": "flex-end",
                "marginTop": 12,
              },
            ]
          }
        >
          5:31 AM
        </Text>
      </View>
    </View>
    <View
      style={
        Object {
          "alignContent": "flex-start",
          "flexDirection": "row",
          "justifyContent": "space-between",
        }
      }
    >
      <Text
        style={
          Array [
            Object {
              "fontSize": 15,
              "fontWeight": "400",
              "lineHeight": 15,
              "marginVertical": 5,
            },
            Object {
              "marginLeft": 10,
              "marginTop": 1,
            },
          ]
        }
      >
        Health
      </Text>
      <Text
        style={
          Object {
            "color": "#413E3E",
            "marginRight": 10,
            "marginTop": 1,
            "textAlign": "right",
          }
        }
      >
        $60
      </Text>
    </View>
    <View
      style={
        Object {
          "alignContent": "flex-end",
          "flexDirection": "row",
          "justifyContent": "space-between",
        }
      }
    >
      <Text
        style={
          Object {
            "fontWeight": "200",
            "marginBottom": 10,
            "marginLeft": 10,
          }
        }
      >
        Annual detailed checkup
      </Text>
    </View>
    <View
      style={
        Object {
          "borderBottomColor": "#E0E0E0",
          "borderBottomWidth": 2,
          "marginVertical": 3,
        }
      }
    />
  </View>,
  <View
    style={
      Object {
        "borderRadius": 10,
      }
    }
  >
    <View
      style={
        Object {
          "flexDirection": "row",
        }
      }
    >
      <Text
        style={
          Array [
            Object {
              "fontSize": 15,
              "fontWeight": "400",
              "lineHeight": 15,
              "marginVertical": 5,
            },
            Object {
              "fontWeight": "bold",
              "marginTop": 12,
            },
          ]
        }
      >
        20 Jun 2021
      </Text>
      <View
        style={
          Object {
            "flex": 1,
            "justifyContent": "center",
          }
        }
      >
        <Text
          style={
            Array [
              Object {
                "fontWeight": "200",
                "marginBottom": 10,
                "marginRight": 10,
              },
              Object {
                "alignSelf": "flex-end",
                "marginTop": 12,
              },
            ]
          }
        >
          11:18 AM
        </Text>
      </View>
    </View>
    <View
      style={
        Object {
          "alignContent": "flex-start",
          "flexDirection": "row",
          "justifyContent": "space-between",
        }
      }
    >
      <Text
        style={
          Array [
            Object {
              "fontSize": 15,
              "fontWeight": "400",
              "lineHeight": 15,
              "marginVertical": 5,
            },
            Object {
              "marginLeft": 10,
              "marginTop": 1,
            },
          ]
        }
      >
        Health
      </Text>
      <Text
        style={
          Object {
            "color": "#413E3E",
            "marginRight": 10,
            "marginTop": 1,
            "textAlign": "right",
          }
        }
      >
        $12.78
      </Text>
    </View>
    <View
      style={
        Object {
          "alignContent": "flex-end",
          "flexDirection": "row",
          "justifyContent": "space-between",
        }
      }
    >
      <Text
        style={
          Object {
            "fontWeight": "200",
            "marginBottom": 10,
            "marginLeft": 10,
          }
        }
      >
        Uniqlo 
      </Text>
    </View>
    <View
      style={
        Object {
          "borderBottomColor": "#E0E0E0",
          "borderBottomWidth": 2,
          "marginVertical": 3,
        }
      }
    />
  </View>,
]
`;

exports[`testing home components pie chart renders legend correctly 1`] = `
Array [
  <View
    style={
      Object {
        "flexDirection": "row",
        "marginBottom": 12,
      }
    }
  >
    <View
      style={
        Object {
          "backgroundColor": "#177AD5",
          "borderRadius": 4,
          "height": 18,
          "marginRight": 10,
          "width": 18,
        }
      }
    />
    <Text
      style={
        Object {
          "color": "#444444",
          "fontSize": 16,
        }
      }
    >
      Food & Drinks
    </Text>
  </View>,
  <View
    style={
      Object {
        "flexDirection": "row",
        "marginBottom": 12,
      }
    }
  >
    <View
      style={
        Object {
          "backgroundColor": "#79D2DE",
          "borderRadius": 4,
          "height": 18,
          "marginRight": 10,
          "width": 18,
        }
      }
    />
    <Text
      style={
        Object {
          "color": "#444444",
          "fontSize": 16,
        }
      }
    >
      Transportation
    </Text>
  </View>,
  <View
    style={
      Object {
        "flexDirection": "row",
        "marginBottom": 12,
      }
    }
  >
    <View
      style={
        Object {
          "backgroundColor": "#F7D8B5",
          "borderRadius": 4,
          "height": 18,
          "marginRight": 10,
          "width": 18,
        }
      }
    />
    <Text
      style={
        Object {
          "color": "#444444",
          "fontSize": 16,
        }
      }
    >
      Housing
    </Text>
  </View>,
  <View
    style={
      Object {
        "flexDirection": "row",
        "marginBottom": 12,
      }
    }
  >
    <View
      style={
        Object {
          "backgroundColor": "#8F80E4",
          "borderRadius": 4,
          "height": 18,
          "marginRight": 10,
          "width": 18,
        }
      }
    />
    <Text
      style={
        Object {
          "color": "#444444",
          "fontSize": 16,
        }
      }
    >
      Shopping
    </Text>
  </View>,
  <View
    style={
      Object {
        "flexDirection": "row",
        "marginBottom": 12,
      }
    }
  >
    <View
      style={
        Object {
          "backgroundColor": "#FB8875",
          "borderRadius": 4,
          "height": 18,
          "marginRight": 10,
          "width": 18,
        }
      }
    />
    <Text
      style={
        Object {
          "color": "#444444",
          "fontSize": 16,
        }
      }
    >
      Health
    </Text>
  </View>,
  <View
    style={
      Object {
        "flexDirection": "row",
        "marginBottom": 12,
      }
    }
  >
    <View
      style={
        Object {
          "backgroundColor": "#FDE74C",
          "borderRadius": 4,
          "height": 18,
          "marginRight": 10,
          "width": 18,
        }
      }
    />
    <Text
      style={
        Object {
          "color": "#444444",
          "fontSize": 16,
        }
      }
    >
      Education
    </Text>
  </View>,
  <View
    style={
      Object {
        "flexDirection": "row",
        "marginBottom": 12,
      }
    }
  >
    <View
      style={
        Object {
          "backgroundColor": "#E8E0CE",
          "borderRadius": 4,
          "height": 18,
          "marginRight": 10,
          "width": 18,
        }
      }
    />
    <Text
      style={
        Object {
          "color": "#444444",
          "fontSize": 16,
        }
      }
    >
      Others
    </Text>
  </View>,
]
`;

exports[`testing home components table view renders no records yet if empty database 1`] = `
<Text
  style={
    Object {
      "alignSelf": "center",
      "marginTop": 20,
    }
  }
>
  No Records Yet
</Text>
`;
